[check] LA.zip: 7.1GB  (OK)
[check] 已解压目录: OK
[launch] 启动训练: C:\Users\Liii\.conda\envs\vericall\python.exe -u main.py --config C:\Users\Liii\Desktop\谛听VeriCall\configs\AASIST_5060.conf --resume auto (cwd=C:\Users\Liii\Desktop\谛听VeriCall\external\aasist)
Device: cuda
Mixed precision (AMP): ON
no. model params:297866
no. training files: 25380
no. validation files: 24844
WARNING: --resume 指定的权重不存在 (auto), 从头训练
Start training epoch000
C:\Users\Liii\.conda\envs\vericall\lib\site-packages\torch\optim\lr_scheduler.py:192: UserWarning: Detected call of `lr_scheduler.step()` before `optimizer.step()`. In PyTorch 1.1.0 and later, you should call them in the opposite order: `optimizer.step()` before `lr_scheduler.step()`.  Failure to do this will result in PyTorch skipping the first value of the learning rate schedule. See more details at https://pytorch.org/docs/stable/optim.html#how-to-adjust-learning-rate
  warnings.warn(
epoch000 loss=0.6714
Scores saved to exp_result\LA_AASIST_5060_ep24_bs16\metrics\dev_score.txt
DONE.
Loss:0.67141, dev_eer: 16.216, dev_tdcf: N/A (no ASV scores)
best model find at epoch 0
Start training epoch001
epoch001 loss=0.3756
Start training epoch002
epoch002 loss=0.2461
Start training epoch003
epoch003 loss=0.1880
Scores saved to exp_result\LA_AASIST_5060_ep24_bs16\metrics\dev_score.txt
DONE.
Loss:0.18796, dev_eer: 5.895, dev_tdcf: N/A (no ASV scores)
best model find at epoch 3
Start training epoch004
epoch004 loss=0.1557
Start training epoch005
epoch005 loss=0.1295
Start training epoch006
epoch006 loss=0.1026
